* using log directory ‘/Users/kentphipps/R_Projects/RipserV2/ripserR.Rcheck’
* using R version 4.2.2 (2022-10-31)
* using platform: aarch64-apple-darwin20 (64-bit)
* using session charset: UTF-8
* checking for file ‘ripserR/DESCRIPTION’ ... OK
* checking extension type ... Package
* this is package ‘ripserR’ version ‘1.0’
* checking package namespace information ... OK
* checking package dependencies ... OK
* checking if this is a source package ... OK
* checking if there is a namespace ... OK
* checking for executable files ... OK
* checking for hidden files and directories ... OK
* checking for portable file names ... OK
* checking for sufficient/correct file permissions ... OK
* checking whether package ‘ripserR’ can be installed ... ERROR
Installation failed.
See ‘/Users/kentphipps/R_Projects/RipserV2/ripserR.Rcheck/00install.out’ for details.
* DONE
Status: 1 ERROR
